[1/10] case01_career ...
[2/10] case02_family ...
[3/10] case03_education ...
[4/10] case04_romance ...
[5/10] case05_health ...
[6/10] case06_entrepreneurship ...
[7/10] case07_creative ...
[8/10] case08_vague ...
[9/10] case09_zero_lens ...
[10/10] case10_sensitive ...
{
  "verdict": "V1.1.8 NOT READY",
  "summary": {
    "cases": 10,
    "publishable": 2,
    "gate_blocked": 6,
    "safe_stops": 0,
    "hard_fails": 2,
    "career_leaks": 2,
    "clarification_http_400": 0,
    "fidelity_10": 10,
    "publishable_naturalness_ge8": 2,
    "publishable_depth_ge8": 1,
    "publishable_life_read_yes": 1,
    "publishable_resume_le3": 2
  },
  "improved": false
}
Wrote /Users/shirakotadashi/kosuke-protocol/kosuke-backend/e2e_reports/deep-reading-v1.1-public-qa/PUBLIC_QA_V118_LIVE_REPORT.md
